[Worker 0] do task 0
[Worker 0] do task 1
[Worker 0] do task 6
[Worker 0] do task 5
[Worker 0] do task 8
[Worker 0] do task 9
[Worker 0] do task 7
[Worker 0] do task 3
[Worker 0] do task 2
[Worker 0] do task 4
[Worker 1] do task 0
[Worker 1] do task 1
[Worker 1] do task 7
[Worker 0] do task 4
[Worker 0] do task 8
[Worker 0] do task 6
[Worker 0] do task 2
[Worker 1] do task 3
[Worker 1] do task 5
[Worker 1] do task 9
[Worker 0] do task 0
[Worker 1] do task 2
[Worker 1] do task 6
[Worker 1] do task 4
[Worker 1] do task 8
[Worker 0] do task 7
[Worker 0] do task 9
[Worker 0] do task 1
[Worker 0] do task 3
[Worker 0] do task 5
[Worker 0] do task 0
[Worker 0] do task 1
[Worker 0] do task 2
[Worker 1] do task 4
[Worker 0] do task 5
[Worker 0] do task 3
[Worker 0] do task 7
[Worker 1] do task 6
[Worker 1] do task 8
[Worker 0] do task 9
[Worker 1] do task 0
[Worker 1] do task 1
[Worker 1] do task 5
[Worker 1] do task 2
[Worker 1] do task 7
[Worker 1] do task 8
[Worker 1] do task 9
[Worker 1] do task 3
[Worker 1] do task 4
[Worker 1] do task 6
[Worker 1] do task 0
[Worker 1] do task 3
[Worker 1] do task 9
[Worker 0] do task 2
[Worker 0] do task 4
[Worker 1] do task 5
[Worker 1] do task 1
[Worker 1] do task 7
[Worker 0] do task 6
[Worker 0] do task 8
[Worker 1] do task 0
[Worker 0] do task 2
[Worker 0] do task 8
[Worker 1] do task 1
[Worker 1] do task 5
[Worker 1] do task 7
[Worker 1] do task 9
[Worker 0] do task 4
[Worker 0] do task 6
[Worker 1] do task 3
